Using pre-set license
Built from '2022.3/staging' branch; Version is '2022.3.1f1 (f18e0c1b5784) revision 15830540'; Using compiler version '192829333'; Build Type 'Release'
OS: 'Windows 11  (10.0.26100) 64bit Core' Language: 'en' Physical Memory: 16221 MB
BatchMode: 1, IsHumanControllingUs: 0, StartBugReporterOnCrash: 0, Is64bit: 1, IsPro: 1

COMMAND LINE ARGUMENTS:
C:\Program Files\Unity\Hub\Editor\2022.3.1f1\Editor\Unity.exe
-adb2
-batchMode
-noUpm
-name
AssetImportWorker0
-projectPath
C:/Users/chris/OneDrive/Documents/GitHub/FlappyBird_Clone/FlappyBird_Clone
-logFile
Logs/AssetImportWorker0.log
-srvPort
60546
Successfully changed project path to: C:/Users/chris/OneDrive/Documents/GitHub/FlappyBird_Clone/FlappyBird_Clone
C:/Users/chris/OneDrive/Documents/GitHub/FlappyBird_Clone/FlappyBird_Clone
[UnityMemory] Configuration Parameters - Can be set up in boot.config
    "memorysetup-bucket-allocator-granularity=16"
    "memorysetup-bucket-allocator-bucket-count=8"
    "memorysetup-bucket-allocator-block-size=33554432"
    "memorysetup-bucket-allocator-block-count=8"
    "memorysetup-main-allocator-block-size=16777216"
    "memorysetup-thread-allocator-block-size=16777216"
    "memorysetup-gfx-main-allocator-block-size=16777216"
    "memorysetup-gfx-thread-allocator-block-size=16777216"
    "memorysetup-cache-allocator-block-size=4194304"
    "memorysetup-typetree-allocator-block-size=2097152"
    "memorysetup-profiler-bucket-allocator-granularity=16"
    "memorysetup-profiler-bucket-allocator-bucket-count=8"
    "memorysetup-profiler-bucket-allocator-block-size=33554432"
    "memorysetup-profiler-bucket-allocator-block-count=8"
    "memorysetup-profiler-allocator-block-size=16777216"
    "memorysetup-profiler-editor-allocator-block-size=1048576"
    "memorysetup-temp-allocator-size-main=16777216"
    "memorysetup-job-temp-allocator-block-size=2097152"
    "memorysetup-job-temp-allocator-block-size-background=1048576"
    "memorysetup-job-temp-allocator-reduction-small-platforms=262144"
    "memorysetup-allocator-temp-initial-block-size-main=262144"
    "memorysetup-allocator-temp-initial-block-size-worker=262144"
    "memorysetup-temp-allocator-size-background-worker=32768"
    "memorysetup-temp-allocator-size-job-worker=262144"
    "memorysetup-temp-allocator-size-preload-manager=33554432"
    "memorysetup-temp-allocator-size-nav-mesh-worker=65536"
    "memorysetup-temp-allocator-size-audio-worker=65536"
    "memorysetup-temp-allocator-size-cloud-worker=32768"
    "memorysetup-temp-allocator-size-gi-baking-worker=262144"
    "memorysetup-temp-allocator-size-gfx=262144"
Player connection [20016] Host "[IP] 192.168.1.159 [Port] 0 [Flags] 2 [Guid] 3967564306 [EditorId] 3967564306 [Version] 1048832 [Id] WindowsEditor(7,Christopher-N5) [Debug] 1 [PackageName] WindowsEditor [ProjectName] Editor" joined multi-casting on [225.0.0.222:54997]...

Player connection [20016] Host "[IP] 192.168.1.159 [Port] 0 [Flags] 2 [Guid] 3967564306 [EditorId] 3967564306 [Version] 1048832 [Id] WindowsEditor(7,Christopher-N5) [Debug] 1 [PackageName] WindowsEditor [ProjectName] Editor" joined alternative multi-casting on [225.0.0.222:34997]...

Refreshing native plugins compatible for Editor in 16.22 ms, found 4 plugins.
Preloading 0 native plugins for Editor in 0.00 ms.
Initialize engine version: 2022.3.1f1 (f18e0c1b5784)
[Subsystems] Discovering subsystems at path C:/Program Files/Unity/Hub/Editor/2022.3.1f1/Editor/Data/Resources/UnitySubsystems
[Subsystems] Discovering subsystems at path C:/Users/chris/OneDrive/Documents/GitHub/FlappyBird_Clone/FlappyBird_Clone/Assets
GfxDevice: creating device client; threaded=0; jobified=0
Direct3D:
    Version:  Direct3D 11.0 [level 11.1]
    Renderer: NVIDIA GeForce RTX 2060 (ID=0x1f15)
    Vendor:   NVIDIA
    VRAM:     5955 MB
    Driver:   31.0.15.5176
Initialize mono
Mono path[0] = 'C:/Program Files/Unity/Hub/Editor/2022.3.1f1/Editor/Data/Managed'
Mono path[1] = 'C:/Program Files/Unity/Hub/Editor/2022.3.1f1/Editor/Data/MonoBleedingEdge/lib/mono/unityjit-win32'
Mono config path = 'C:/Program Files/Unity/Hub/Editor/2022.3.1f1/Editor/Data/MonoBleedingEdge/etc'
Using monoOptions --debugger-agent=transport=dt_socket,embedding=1,server=y,suspend=n,address=127.0.0.1:56580
Begin MonoManager ReloadAssembly
Registering precompiled unity dll's ...
Register platform support module: C:/Program Files/Unity/Hub/Editor/2022.3.1f1/Editor/Data/PlaybackEngines/WindowsStandaloneSupport/UnityEditor.WindowsStandalone.Extensions.dll
Registered in 0.010535 seconds.
- Loaded All Assemblies, in  0.573 seconds
Native extension for WindowsStandalone target not found
Mono: successfully reloaded assembly
- Finished resetting the current domain, in  0.419 seconds
Domain Reload Profiling: 990ms
	BeginReloadAssembly (155ms)
		ExecutionOrderSort (0ms)
		DisableScriptedObjects (0ms)
		BackupInstance (0ms)
		ReleaseScriptingObjects (0ms)
		CreateAndSetChildDomain (1ms)
	RebuildCommonClasses (68ms)
	RebuildNativeTypeToScriptingClass (16ms)
	initialDomainReloadingComplete (94ms)
	LoadAllAssembliesAndSetupDomain (237ms)
		LoadAssemblies (151ms)
		RebuildTransferFunctionScriptingTraits (0ms)
		AnalyzeDomain (228ms)
			TypeCache.Refresh (226ms)
				TypeCache.ScanAssembly (206ms)
			ScanForSourceGeneratedMonoScriptInfo (1ms)
			ResolveRequiredComponents (1ms)
	FinalizeReload (420ms)
		ReleaseScriptCaches (0ms)
		RebuildScriptCaches (0ms)
		SetupLoadedEditorAssemblies (317ms)
			LogAssemblyErrors (0ms)
			InitializePlatformSupportModulesInManaged (13ms)
			SetLoadedEditorAssemblies (11ms)
			RefreshPlugins (0ms)
			BeforeProcessingInitializeOnLoad (3ms)
			ProcessInitializeOnLoadAttributes (206ms)
			ProcessInitializeOnLoadMethodAttributes (82ms)
			AfterProcessingInitializeOnLoad (0ms)
			EditorAssembliesLoaded (0ms)
		ExecutionOrderSort2 (0ms)
		AwakeInstancesAfterBackupRestoration (0ms)
========================================================================
Worker process is ready to serve import requests
Begin MonoManager ReloadAssembly
Symbol file LoadedFromMemory doesn't match image C:\Users\chris\OneDrive\Documents\GitHub\FlappyBird_Clone\FlappyBird_Clone\Library\PackageCache\com.unity.visualscripting@1.8.0\Editor\VisualScripting.Core\Dependencies\YamlDotNet\Unity.VisualScripting.YamlDotNet.dll
Symbol file LoadedFromMemory doesn't match image C:\Users\chris\OneDrive\Documents\GitHub\FlappyBird_Clone\FlappyBird_Clone\Library\PackageCache\com.unity.visualscripting@1.8.0\Editor\VisualScripting.Core\Dependencies\DotNetZip\Unity.VisualScripting.IonicZip.dll
- Loaded All Assemblies, in  1.355 seconds
Refreshing native plugins compatible for Editor in 10.79 ms, found 4 plugins.
Native extension for WindowsStandalone target not found
Mono: successfully reloaded assembly
- Finished resetting the current domain, in  0.875 seconds
Domain Reload Profiling: 2225ms
	BeginReloadAssembly (239ms)
		ExecutionOrderSort (0ms)
		DisableScriptedObjects (9ms)
		BackupInstance (0ms)
		ReleaseScriptingObjects (0ms)
		CreateAndSetChildDomain (32ms)
	RebuildCommonClasses (64ms)
	RebuildNativeTypeToScriptingClass (17ms)
	initialDomainReloadingComplete (80ms)
	LoadAllAssembliesAndSetupDomain (948ms)
		LoadAssemblies (553ms)
		RebuildTransferFunctionScriptingTraits (0ms)
		AnalyzeDomain (522ms)
			TypeCache.Refresh (479ms)
				TypeCache.ScanAssembly (455ms)
			ScanForSourceGeneratedMonoScriptInfo (35ms)
			ResolveRequiredComponents (8ms)
	FinalizeReload (876ms)
		ReleaseScriptCaches (0ms)
		RebuildScriptCaches (0ms)
		SetupLoadedEditorAssemblies (637ms)
			LogAssemblyErrors (0ms)
			InitializePlatformSupportModulesInManaged (8ms)
			SetLoadedEditorAssemblies (5ms)
			RefreshPlugins (0ms)
			BeforeProcessingInitializeOnLoad (102ms)
			ProcessInitializeOnLoadAttributes (467ms)
			ProcessInitializeOnLoadMethodAttributes (45ms)
			AfterProcessingInitializeOnLoad (11ms)
			EditorAssembliesLoaded (0ms)
		ExecutionOrderSort2 (0ms)
		AwakeInstancesAfterBackupRestoration (13ms)
Launched and connected shader compiler UnityShaderCompiler.exe after 0.08 seconds
Refreshing native plugins compatible for Editor in 10.53 ms, found 4 plugins.
Preloading 0 native plugins for Editor in 0.00 ms.
Unloading 4337 Unused Serialized files (Serialized files now loaded: 0)
Unloading 76 unused Assets / (246.3 KB). Loaded Objects now: 4798.
Memory consumption went from 149.3 MB to 149.1 MB.
Total: 5.878000 ms (FindLiveObjects: 0.449600 ms CreateObjectMapping: 0.438600 ms MarkObjects: 4.738500 ms  DeleteObjects: 0.250300 ms)

AssetImportParameters requested are different than current active one (requested -> active):
  custom:container-demuxer-ogg: 62fdf1f143b41e24485cea50d1cbac27 -> 
  custom:video-decoder-ogg-theora: a1e56fd34408186e4bbccfd4996cb3dc -> 
  custom:framework-win-MediaFoundation: 216162199b28c13a410421893ffa2e32 -> 
  custom:container-demuxer-webm: 4f35f7cbe854078d1ac9338744f61a02 -> 
  custom:container-muxer-webm: aa71ff27fc2769a1b78a27578f13a17b -> 
  custom:video-decoder-webm-vp8: 9c59270c3fd7afecdb556c50c9e8de78 -> 
  custom:AudioImporter_EditorPlatform: d09bf68614088b80899f8185d706f6e7 -> 
  custom:video-encoder-webm-vp8: eb34c28f22e8b96e1ab97ce403110664 -> 
  custom:audio-decoder-ogg-vorbis: bf7c407c2cedff20999df2af8eb42d56 -> 
  custom:audio-encoder-webm-vorbis: bf7c407c2cedff20999df2af8eb42d56 -> 
========================================================================
Received Import Request.
  Time since last request: 259278.758276 seconds.
  path: Assets/Assets/Flappy Bird Sprite Sheet.png
  artifactKey: Guid(530d286739ef454419d7b05ae336984b) Importer(815301076,1909f56bfc062723c751e8b465ee728b)
Start importing Assets/Assets/Flappy Bird Sprite Sheet.png using Guid(530d286739ef454419d7b05ae336984b) Importer(815301076,1909f56bfc062723c751e8b465ee728b)  -> (artifact id: '6f530663c00b06fe230bbe13d1d969e6') in 0.386805 seconds
Number of updated asset objects reloaded before import = 0
Number of asset objects unloaded after import = 82
========================================================================
Received Import Request.
  Time since last request: 0.000041 seconds.
  path: Assets/Assets/Flappy Bird Sprite Sheet.aseprite
  artifactKey: Guid(f9aa83a30f9e77e4aadc03cb6158d402) Importer(815301076,1909f56bfc062723c751e8b465ee728b)
Start importing Assets/Assets/Flappy Bird Sprite Sheet.aseprite using Guid(f9aa83a30f9e77e4aadc03cb6158d402) Importer(815301076,1909f56bfc062723c751e8b465ee728b)  -> (artifact id: 'f717ede83d6929a24289871e1c694ed7') in 0.001171 seconds
Number of updated asset objects reloaded before import = 0
Number of asset objects unloaded after import = 1
========================================================================
Received Import Request.
  Time since last request: 77.827108 seconds.
  path: Assets/Assets
  artifactKey: Guid(fefd6edb4c6355142afea8a12f0735b7) Importer(815301076,1909f56bfc062723c751e8b465ee728b)
Start importing Assets/Assets using Guid(fefd6edb4c6355142afea8a12f0735b7) Importer(815301076,1909f56bfc062723c751e8b465ee728b)  -> (artifact id: '1287c87be3c8026a2a0a3260f0c60528') in 0.000518 seconds
Number of updated asset objects reloaded before import = 0
Number of asset objects unloaded after import = 0
========================================================================
Received Import Request.
  Time since last request: 123.112632 seconds.
  path: Assets/Assets/Flappy Bird Sprite Sheet.png
  artifactKey: Guid(530d286739ef454419d7b05ae336984b) Importer(815301076,1909f56bfc062723c751e8b465ee728b)
Start importing Assets/Assets/Flappy Bird Sprite Sheet.png using Guid(530d286739ef454419d7b05ae336984b) Importer(815301076,1909f56bfc062723c751e8b465ee728b)  -> (artifact id: '3db3c6b3c32ca454bcdbb7c009aefbcf') in 0.249025 seconds
Number of updated asset objects reloaded before import = 0
Number of asset objects unloaded after import = 72
========================================================================
Received Import Request.
  Time since last request: 52.701154 seconds.
  path: Assets/Prefabs/Pipe Prefab.prefab
  artifactKey: Guid(a0c7622e7ea41594aa87357842fef926) Importer(815301076,1909f56bfc062723c751e8b465ee728b)
Start importing Assets/Prefabs/Pipe Prefab.prefab using Guid(a0c7622e7ea41594aa87357842fef926) Importer(815301076,1909f56bfc062723c751e8b465ee728b)  -> (artifact id: '58dc17880cbb2b70d4ded1bc38fcf651') in 0.060885 seconds
Number of updated asset objects reloaded before import = 0
Number of asset objects unloaded after import = 18
========================================================================
Received Import Request.
  Time since last request: 95.399727 seconds.
  path: Assets/Animation/Flappy Bird Sprite Sheet_74.controller
  artifactKey: Guid(1b0e9cda9bf06be46a592c81dce6f6cd) Importer(815301076,1909f56bfc062723c751e8b465ee728b)
Start importing Assets/Animation/Flappy Bird Sprite Sheet_74.controller using Guid(1b0e9cda9bf06be46a592c81dce6f6cd) Importer(815301076,1909f56bfc062723c751e8b465ee728b)  -> (artifact id: '7f101d38a23677c494f7907dcc8f3d85') in 0.004386 seconds
Number of updated asset objects reloaded before import = 0
Number of asset objects unloaded after import = 8
========================================================================
Received Import Request.
  Time since last request: 2.414055 seconds.
  path: Assets/Animation/Flying.anim
  artifactKey: Guid(b97bb08c6a2b5e44db192cd060e2c92d) Importer(815301076,1909f56bfc062723c751e8b465ee728b)
Start importing Assets/Animation/Flying.anim using Guid(b97bb08c6a2b5e44db192cd060e2c92d) Importer(815301076,1909f56bfc062723c751e8b465ee728b)  -> (artifact id: 'c108b4e29525d362817651a883238b6f') in 0.001384 seconds
Number of updated asset objects reloaded before import = 0
Number of asset objects unloaded after import = 1
========================================================================
Received Import Request.
  Time since last request: 74.761408 seconds.
  path: Assets/Animation/Idle.anim
  artifactKey: Guid(4e7565e983c9c214b9b8530da5994e1b) Importer(815301076,1909f56bfc062723c751e8b465ee728b)
Start importing Assets/Animation/Idle.anim using Guid(4e7565e983c9c214b9b8530da5994e1b) Importer(815301076,1909f56bfc062723c751e8b465ee728b)  -> (artifact id: '47552679c7431777ad7dc2f5ccf69c78') in 0.001424 seconds
Number of updated asset objects reloaded before import = 0
Number of asset objects unloaded after import = 1
========================================================================
Received Import Request.
  Time since last request: 32.318976 seconds.
  path: Assets/Animation
  artifactKey: Guid(4571138648ab5da4b8008c76cc808163) Importer(815301076,1909f56bfc062723c751e8b465ee728b)
Start importing Assets/Animation using Guid(4571138648ab5da4b8008c76cc808163) Importer(815301076,1909f56bfc062723c751e8b465ee728b)  -> (artifact id: 'dc2370d4b270dc3af3c12d4cb7698987') in 0.000571 seconds
Number of updated asset objects reloaded before import = 0
Number of asset objects unloaded after import = 0
========================================================================
Received Import Request.
  Time since last request: 19.635857 seconds.
  path: Assets/Animation/Flying 12.anim
  artifactKey: Guid(e84b5dd11eb70e141970ba754f82bf77) Importer(815301076,1909f56bfc062723c751e8b465ee728b)
Start importing Assets/Animation/Flying 12.anim using Guid(e84b5dd11eb70e141970ba754f82bf77) Importer(815301076,1909f56bfc062723c751e8b465ee728b)  -> (artifact id: 'f02a0f7638728c3e0725b3999b74bfe7') in 0.001569 seconds
Number of updated asset objects reloaded before import = 0
Number of asset objects unloaded after import = 1
========================================================================
Received Import Request.
  Time since last request: 130.848556 seconds.
  path: Assets/Fonts/Flappy Bird Font/04B_19__.TTF
  artifactKey: Guid(991e3923b3757844b9ae8b19f31a8a1f) Importer(815301076,1909f56bfc062723c751e8b465ee728b)
Start importing Assets/Fonts/Flappy Bird Font/04B_19__.TTF using Guid(991e3923b3757844b9ae8b19f31a8a1f) Importer(815301076,1909f56bfc062723c751e8b465ee728b)  -> (artifact id: '650bb1adba6025f67305f3ffd8e48dd5') in 0.056996 seconds
Number of updated asset objects reloaded before import = 0
Number of asset objects unloaded after import = 4
========================================================================
Received Import Request.
  Time since last request: 0.787650 seconds.
  path: Packages/com.unity.inputsystem/InputSystem/Editor/AssetEditor/Resources/pro/actionTreeBackground.png
  artifactKey: Guid(c4b66e31395c54087a2fbc13ae7e0f3c) Importer(815301076,1909f56bfc062723c751e8b465ee728b)
Start importing Packages/com.unity.inputsystem/InputSystem/Editor/AssetEditor/Resources/pro/actionTreeBackground.png using Guid(c4b66e31395c54087a2fbc13ae7e0f3c) Importer(815301076,1909f56bfc062723c751e8b465ee728b)  -> (artifact id: '154788af07e2b317e595a66e87eb1ab3') in 0.022960 seconds
Number of updated asset objects reloaded before import = 0
Number of asset objects unloaded after import = 2
========================================================================
Received Import Request.
  Time since last request: 0.035526 seconds.
  path: Packages/com.unity.inputsystem/InputSystem/Editor/AssetEditor/Resources/pro/actionTreeBackgroundWithoutBorder.png
  artifactKey: Guid(943deaaee9c9347e0a455aa208526c42) Importer(815301076,1909f56bfc062723c751e8b465ee728b)
Start importing Packages/com.unity.inputsystem/InputSystem/Editor/AssetEditor/Resources/pro/actionTreeBackgroundWithoutBorder.png using Guid(943deaaee9c9347e0a455aa208526c42) Importer(815301076,1909f56bfc062723c751e8b465ee728b)  -> (artifact id: '664697d6c0e0423d6053ef81b70fd4f8') in 0.014068 seconds
Number of updated asset objects reloaded before import = 0
Number of asset objects unloaded after import = 2
========================================================================
Received Import Request.
  Time since last request: 0.313345 seconds.
  path: Packages/com.unity.inputsystem/InputSystem/Editor/Icons/Add Binding.png
  artifactKey: Guid(958a10dec4f3a4764bb345b0aa03510b) Importer(815301076,1909f56bfc062723c751e8b465ee728b)
Start importing Packages/com.unity.inputsystem/InputSystem/Editor/Icons/Add Binding.png using Guid(958a10dec4f3a4764bb345b0aa03510b) Importer(815301076,1909f56bfc062723c751e8b465ee728b)  -> (artifact id: '078f5300ed7de82d02ca277c42c46669') in 0.014268 seconds
Number of updated asset objects reloaded before import = 0
Number of asset objects unloaded after import = 2
========================================================================
Received Import Request.
  Time since last request: 0.043115 seconds.
  path: Packages/com.unity.inputsystem/InputSystem/Editor/Icons/Add Binding@3x.png
  artifactKey: Guid(8be1fbf4b24de44c99840805bdae9e40) Importer(815301076,1909f56bfc062723c751e8b465ee728b)
Start importing Packages/com.unity.inputsystem/InputSystem/Editor/Icons/Add Binding@3x.png using Guid(8be1fbf4b24de44c99840805bdae9e40) Importer(815301076,1909f56bfc062723c751e8b465ee728b)  -> (artifact id: 'fd5e588b8d727bab3ad30c1760cb880c') in 0.017512 seconds
Number of updated asset objects reloaded before import = 0
Number of asset objects unloaded after import = 2
========================================================================
Received Import Request.
  Time since last request: 1.745778 seconds.
  path: Packages/com.unity.inputsystem/InputSystem/Editor/Icons/Axis.png
  artifactKey: Guid(7e853779c8fed4ebf917a0de21c79602) Importer(815301076,1909f56bfc062723c751e8b465ee728b)
Start importing Packages/com.unity.inputsystem/InputSystem/Editor/Icons/Axis.png using Guid(7e853779c8fed4ebf917a0de21c79602) Importer(815301076,1909f56bfc062723c751e8b465ee728b)  -> (artifact id: '0195df3cafcaadc662e1ee9eb49bb47e') in 0.017892 seconds
Number of updated asset objects reloaded before import = 0
Number of asset objects unloaded after import = 2
========================================================================
Received Import Request.
  Time since last request: 0.268543 seconds.
  path: Packages/com.unity.inputsystem/InputSystem/Editor/Icons/Axis@3x.png
  artifactKey: Guid(2e27a82b5cc4e4ef98cbef2d0b324aed) Importer(815301076,1909f56bfc062723c751e8b465ee728b)
Start importing Packages/com.unity.inputsystem/InputSystem/Editor/Icons/Axis@3x.png using Guid(2e27a82b5cc4e4ef98cbef2d0b324aed) Importer(815301076,1909f56bfc062723c751e8b465ee728b)  -> (artifact id: 'ec8d3b544ae23da58cd70ef03be40757') in 0.018808 seconds
Number of updated asset objects reloaded before import = 0
Number of asset objects unloaded after import = 2
========================================================================
Received Import Request.
  Time since last request: 0.338121 seconds.
  path: Packages/com.unity.inputsystem/InputSystem/Editor/UITKAssetEditor/Resources/BindingPanelRowTemplate.uxml
  artifactKey: Guid(449c8e5ca27af8e4a9db710c8be5e4df) Importer(815301076,1909f56bfc062723c751e8b465ee728b)
Start importing Packages/com.unity.inputsystem/InputSystem/Editor/UITKAssetEditor/Resources/BindingPanelRowTemplate.uxml using Guid(449c8e5ca27af8e4a9db710c8be5e4df) Importer(815301076,1909f56bfc062723c751e8b465ee728b)  -> (artifact id: 'a49b1d05a2a3b8885fc3d4b81616f9df') in 0.025846 seconds
Number of updated asset objects reloaded before import = 0
Number of asset objects unloaded after import = 4
========================================================================
Received Import Request.
  Time since last request: 0.711110 seconds.
  path: Packages/com.unity.inputsystem/InputSystem/Editor/Icons/Button.png
  artifactKey: Guid(2a5d0a7febdc741039abf135883517e5) Importer(815301076,1909f56bfc062723c751e8b465ee728b)
Start importing Packages/com.unity.inputsystem/InputSystem/Editor/Icons/Button.png using Guid(2a5d0a7febdc741039abf135883517e5) Importer(815301076,1909f56bfc062723c751e8b465ee728b)  -> (artifact id: '99e38b6fc4ad8e5fd3ddd2cb878ef95d') in 0.018489 seconds
Number of updated asset objects reloaded before import = 0
Number of asset objects unloaded after import = 2
========================================================================
Received Import Request.
  Time since last request: 0.006229 seconds.
  path: Packages/com.unity.inputsystem/InputSystem/Editor/Icons/Button@4x.png
  artifactKey: Guid(aa356632480554016ab8f4200032981b) Importer(815301076,1909f56bfc062723c751e8b465ee728b)
Start importing Packages/com.unity.inputsystem/InputSystem/Editor/Icons/Button@4x.png using Guid(aa356632480554016ab8f4200032981b) Importer(815301076,1909f56bfc062723c751e8b465ee728b)  -> (artifact id: 'b862a9374b8f37328c93cb579133f274') in 0.019229 seconds
Number of updated asset objects reloaded before import = 0
Number of asset objects unloaded after import = 2
========================================================================
Received Import Request.
  Time since last request: 76.813278 seconds.
  path: Assets/Animation/New Animation.anim
  artifactKey: Guid(357f1c31d60ab7a41a428c8a2faf88d7) Importer(815301076,1909f56bfc062723c751e8b465ee728b)
Start importing Assets/Animation/New Animation.anim using Guid(357f1c31d60ab7a41a428c8a2faf88d7) Importer(815301076,1909f56bfc062723c751e8b465ee728b)  -> (artifact id: '3edcabf72b05f3c0c743107dcb1bc992') in 0.001960 seconds
Number of updated asset objects reloaded before import = 0
Number of asset objects unloaded after import = 1
========================================================================
Received Import Request.
  Time since last request: 59.118014 seconds.
  path: Assets/Fonts/Flappy Bird Font/Flabby Bird Font.asset
  artifactKey: Guid(82b491f3edd51cc4186d91eef55114ea) Importer(815301076,1909f56bfc062723c751e8b465ee728b)
Start importing Assets/Fonts/Flappy Bird Font/Flabby Bird Font.asset using Guid(82b491f3edd51cc4186d91eef55114ea) Importer(815301076,1909f56bfc062723c751e8b465ee728b)  -> (artifact id: 'bcbf7b338d92c355e3accc04b45614fb') in 0.060936 seconds
Number of updated asset objects reloaded before import = 0
Number of asset objects unloaded after import = 6
========================================================================
Received Import Request.
  Time since last request: 0.000028 seconds.
  path: Assets/TextMesh Pro/Resources/Fonts & Materials/LiberationSans SDF - Fallback.asset
  artifactKey: Guid(2e498d1c8094910479dc3e1b768306a4) Importer(815301076,1909f56bfc062723c751e8b465ee728b)
Start importing Assets/TextMesh Pro/Resources/Fonts & Materials/LiberationSans SDF - Fallback.asset using Guid(2e498d1c8094910479dc3e1b768306a4) Importer(815301076,1909f56bfc062723c751e8b465ee728b)  -> (artifact id: 'adeea0bbe5691e5d7c8f336394c5d291') in 0.041898 seconds
Number of updated asset objects reloaded before import = 0
Number of asset objects unloaded after import = 6
========================================================================
Received Import Request.
  Time since last request: 54.284961 seconds.
  path: Assets/Assets/Flappy Bird Sprite Sheet.png
  artifactKey: Guid(530d286739ef454419d7b05ae336984b) Importer(815301076,1909f56bfc062723c751e8b465ee728b)
Start importing Assets/Assets/Flappy Bird Sprite Sheet.png using Guid(530d286739ef454419d7b05ae336984b) Importer(815301076,1909f56bfc062723c751e8b465ee728b)  -> (artifact id: '6fb340ddd1b9f5540054303fe0d7f27c') in 0.238129 seconds
Number of updated asset objects reloaded before import = 0
Number of asset objects unloaded after import = 71
========================================================================
Received Import Request.
  Time since last request: 1098.064471 seconds.
  path: Assets/Animation/Flying Animation.controller
  artifactKey: Guid(1b0e9cda9bf06be46a592c81dce6f6cd) Importer(815301076,1909f56bfc062723c751e8b465ee728b)
Start importing Assets/Animation/Flying Animation.controller using Guid(1b0e9cda9bf06be46a592c81dce6f6cd) Importer(815301076,1909f56bfc062723c751e8b465ee728b)  -> (artifact id: '00f37daa6ce0d3fd666a90c5fc8d3a1a') in 0.003204 seconds
Number of updated asset objects reloaded before import = 0
Number of asset objects unloaded after import = 8
========================================================================
Received Import Request.
  Time since last request: 26.467176 seconds.
  path: Assets/FlyBehaviour.cs
  artifactKey: Guid(2ae98a131ee3d8a4baf112fdfb82a88e) Importer(815301076,1909f56bfc062723c751e8b465ee728b)
Start importing Assets/FlyBehaviour.cs using Guid(2ae98a131ee3d8a4baf112fdfb82a88e) Importer(815301076,1909f56bfc062723c751e8b465ee728b)  -> (artifact id: 'ec0f8a8f7e3e02ac2986a79b64e7c803') in 0.001138 seconds
Number of updated asset objects reloaded before import = 0
Number of asset objects unloaded after import = 0
